// Jest Snapshot v1, https://goo.gl/fbAQLP

exports[`UserFilter component should match snapshot 1`] = `
ShallowWrapper {
  "length": 1,
  Symbol(enzyme.__root__): [Circular],
  Symbol(enzyme.__unrendered__): <UserFilter
    changeCountryFilter={[MockFunction]}
    handleInvite={[MockFunction]}
    handleSearch={[MockFunction]}
    staff={
      Array [
        Object {
          "Location": Object {
            "centre": "Lagos",
            "country": "Nigeria",
            "name": "Cafeteria",
          },
          "Role": Object {
            "name": "Assignee",
          },
          "email": "me@example.com",
          "id": 1,
          "imageUrl": "https://randomuser.me/api/portraits/med/women/83.jpg",
          "roleId": 2,
          "username": "Me Example",
        },
        Object {
          "Location": Object {
            "centre": "Kampala",
            "country": "Uganda",
            "name": "RoofTop",
          },
          "Role": Object {
            "name": "Admin",
          },
          "email": "metwo@example.com",
          "id": 2,
          "imageUrl": "https://randomuser.me/api/portraits/med/men/83.jpg",
          "roleId": 2,
          "username": "Metwo Ex",
        },
        Object {
          "Location": Object {
            "centre": "Lagos",
            "country": "Nigeria",
            "name": "Cafeteria",
          },
          "Role": Object {
            "name": "Admin",
          },
          "email": "methree@example.com",
          "id": 3,
          "imageUrl": "https://randomuser.me/api/portraits/med/women/83.jpg",
          "roleId": 3,
          "username": "Methree Ex",
        },
        Object {
          "Location": Object {
            "centre": "Lagos",
            "country": "Nigeria",
            "name": "Cafeteria",
          },
          "Role": Object {
            "name": "Admin",
          },
          "email": "another@guy.com",
          "id": 4,
          "imageUrl": "https://randomuser.me/api/portraits/med/men/83.jpg",
          "roleId": 1,
          "username": "Another Guy",
        },
        Object {
          "Location": Object {
            "centre": "Lagos",
            "country": "Nigeria",
            "name": "Cafeteria",
          },
          "Role": Object {
            "name": "Admin",
          },
          "email": "another@lady.com",
          "id": 5,
          "imageUrl": "https://randomuser.me/api/portraits/med/women/05.jpg",
          "roleId": 1,
          "username": "Another Lady",
        },
        Object {
          "Location": Object {
            "centre": "Nairobi",
            "country": "Kenya",
            "name": "Tsavo",
          },
          "Role": Object {
            "name": "Admin",
          },
          "email": "mercy.muchai@andela.com",
          "id": 6,
          "imageUrl": "https://lh3.googleusercontent.com/-XxYl2Ryrfns/AAAAAAAAAAI/AAAAAAAAABg/QJRPuQnerrk/photo.jpg",
          "roleId": 2,
          "username": "Mercy Muchai",
        },
        Object {
          "Location": Object {
            "centre": "Nairobi",
            "country": "Kenya",
            "name": "Tsavo",
          },
          "Role": Object {
            "name": "Admin",
          },
          "email": "carol.nkirote@andela.com",
          "id": 7,
          "imageUrl": "https://lh3.googleusercontent.com/-XxYl2Ryrfns/AAAAAAAAAAI/AAAAAAAAABg/QJRPuQnerrk/photo.jpg",
          "roleId": 2,
          "username": "Carol Nkirote",
        },
        Object {
          "Location": Object {
            "centre": "Nairobi",
            "country": "Kenya",
            "name": "Tsavo",
          },
          "Role": Object {
            "name": "Admin",
          },
          "email": "robley.gori@",
          "id": 8,
          "imageUrl": "https://lh6.googleusercontent.com/-tVq8OIwPjOw/AAAAAAAAAAI/AAAAAAAAAAo/t3GsqCgqrNk/photo.jpg?sz=50",
          "roleId": 3,
          "username": "Robley Gori",
        },
        Object {
          "Location": Object {
            "centre": "Nairobi",
            "country": "Kenya",
            "name": "Tsavo",
          },
          "Role": Object {
            "name": "Admin",
          },
          "email": "peter.musonye@andela.com",
          "id": 9,
          "imageUrl": "https://lh3.googleusercontent.com/-Jlt5VItDH60/AAAAAAAAAAI/AAAAAAAAAAc/sFHgXrT4PBs/photo.jpg?sz=50",
          "roleId": 3,
          "username": "Peter Musonye",
        },
        Object {
          "Location": Object {
            "centre": "Nairobi",
            "country": "Kenya",
            "name": "Tsavo",
          },
          "Role": Object {
            "name": "Admin",
          },
          "email": "akash.baga@andela.com",
          "id": 10,
          "imageUrl": "https://lh3.googleusercontent.com/-Jlt5VItDH60/AAAAAAAAAAI/AAAAAAAAAAc/sFHgXrT4PBs/photo.jpg?sz=50",
          "roleId": 3,
          "username": "Akash Baga",
        },
        Object {
          "Location": Object {
            "centre": "Nairobi",
            "country": "Kenya",
            "name": "Tsavo",
          },
          "Role": Object {
            "name": "Admin",
          },
          "email": "james.kimani@andela.com",
          "id": 10,
          "imageUrl": "https://lh3.googleusercontent.com/-Jlt5VItDH60/AAAAAAAAAAI/AAAAAAAAAAc/sFHgXrT4PBs/photo.jpg?sz=50",
          "roleId": 3,
          "username": "James Kimani",
        },
        Object {
          "Location": Object {
            "centre": "Nairobi",
            "country": "Kenya",
            "name": "Tsavo",
          },
          "Role": Object {
            "name": "Admin",
          },
          "email": "cosmas.billa@andela.com",
          "id": 11,
          "imageUrl": "https://lh4.googleusercontent.com/-cpsyP61EMkw/AAAAAAAAAAI/AAAAAAAAABQ/gj2O9P_m5Ok/photo.jpg?sz=50",
          "roleId": 3,
          "username": "Cosmas Billa",
        },
      ]
    }
  />,
  Symbol(enzyme.__renderer__): Object {
    "batchedUpdates": [Function],
    "getNode": [Function],
    "render": [Function],
    "simulateEvent": [Function],
    "unmount": [Function],
  },
  Symbol(enzyme.__node__): Object {
    "instance": null,
    "key": undefined,
    "nodeType": "host",
    "props": Object {
      "children": Array [
        <div
          className="heading-admin"
        >
          <p>
            Available Users (
            12
            )
          </p>
          <div
            className="underline-admin"
          />
        </div>,
        <div
          className="filter-search"
        >
          <div
            className="location-filter"
          >
            <p>
              Location:
            </p>
            <SelectField
              autoWidth={false}
              className="custom-menu"
              disabled={false}
              fullWidth={false}
              iconStyle={
                Object {
                  "fill": "#95989a",
                  "left": "5.7vw",
                }
              }
              labelStyle={
                Object {
                  "backgroundColor": "#95989a",
                  "borderRadius": "20px",
                  "color": "white",
                  "fontFamily": "DIN Pro",
                  "height": "30px",
                  "lineHeight": "30px",
                  "marginLeft": "1vw",
                  "paddingRight": "0",
                  "paddingTop": "0",
                  "textAlign": "center",
                  "top": "10px",
                  "verticalAlign": "none",
                  "width": "90px",
                }
              }
              multiple={false}
              onChange={[Function]}
              style={
                Object {
                  "fontSize": "12px",
                  "height": "5vh",
                  "marginTop": "1rem",
                  "width": "9.7vw",
                }
              }
              underlineStyle={
                Object {
                  "display": "none",
                }
              }
              value="All Countries"
            >
              <MenuItem
                anchorOrigin={
                  Object {
                    "horizontal": "right",
                    "vertical": "top",
                  }
                }
                checked={false}
                desktop={false}
                disabled={false}
                focusState="none"
                insetChildren={false}
                primaryText="ALL"
                targetOrigin={
                  Object {
                    "horizontal": "left",
                    "vertical": "top",
                  }
                }
                value="All Countries"
              />
              <MenuItem
                anchorOrigin={
                  Object {
                    "horizontal": "right",
                    "vertical": "top",
                  }
                }
                checked={false}
                desktop={false}
                disabled={false}
                focusState="none"
                insetChildren={false}
                primaryText="KENYA"
                targetOrigin={
                  Object {
                    "horizontal": "left",
                    "vertical": "top",
                  }
                }
                value="Kenya"
              />
              <MenuItem
                anchorOrigin={
                  Object {
                    "horizontal": "right",
                    "vertical": "top",
                  }
                }
                checked={false}
                desktop={false}
                disabled={false}
                focusState="none"
                insetChildren={false}
                primaryText="NIGERIA"
                targetOrigin={
                  Object {
                    "horizontal": "left",
                    "vertical": "top",
                  }
                }
                value="Nigeria"
              />
              <MenuItem
                anchorOrigin={
                  Object {
                    "horizontal": "right",
                    "vertical": "top",
                  }
                }
                checked={false}
                desktop={false}
                disabled={false}
                focusState="none"
                insetChildren={false}
                primaryText="UGANDA"
                targetOrigin={
                  Object {
                    "horizontal": "left",
                    "vertical": "top",
                  }
                }
                value="UGANDA"
              />
              <MenuItem
                anchorOrigin={
                  Object {
                    "horizontal": "right",
                    "vertical": "top",
                  }
                }
                checked={false}
                desktop={false}
                disabled={false}
                focusState="none"
                insetChildren={false}
                primaryText="USA"
                targetOrigin={
                  Object {
                    "horizontal": "left",
                    "vertical": "top",
                  }
                }
                value="USA"
              />
            </SelectField>
          </div>
          <div
            className="right-side-search"
          >
            <div
              className="search-bar"
            >
              <input
                className="admin-search"
                onChange={[Function]}
                type="search"
              />
            </div>
            <div
              className="invite-button"
            >
              <FlatButton
                backgroundColor="#3359df"
                disabled={false}
                fullWidth={false}
                hoverColor="none"
                label="Invite"
                labelPosition="after"
                labelStyle={
                  Object {
                    "color": "#ffff",
                    "fontFamily": "DIN Pro",
                    "fontWeight": "700",
                    "verticalAlign": "none",
                  }
                }
                onClick={[Function]}
                onKeyboardFocus={[Function]}
                onMouseEnter={[Function]}
                onMouseLeave={[Function]}
                onTouchStart={[Function]}
                primary={false}
                secondary={false}
                style={
                  Object {
                    "borderRadius": "3px",
                    "marginLeft": "1.5rem",
                    "minWidth": "12rem",
                  }
                }
              />
              <Modal
                handleClose={[Function]}
                handleInvite={[Function]}
                open={false}
              />
            </div>
          </div>
        </div>,
      ],
      "className": "user-filter",
    },
    "ref": null,
    "rendered": Array [
      Object {
        "instance": null,
        "key": undefined,
        "nodeType": "host",
        "props": Object {
          "children": Array [
            <p>
              Available Users (
              12
              )
            </p>,
            <div
              className="underline-admin"
            />,
          ],
          "className": "heading-admin",
        },
        "ref": null,
        "rendered": Array [
          Object {
            "instance": null,
            "key": undefined,
            "nodeType": "host",
            "props": Object {
              "children": Array [
                "Available Users (",
                12,
                ")",
              ],
            },
            "ref": null,
            "rendered": Array [
              "Available Users (",
              12,
              ")",
            ],
            "type": "p",
          },
          Object {
            "instance": null,
            "key": undefined,
            "nodeType": "host",
            "props": Object {
              "className": "underline-admin",
            },
            "ref": null,
            "rendered": null,
            "type": "div",
          },
        ],
        "type": "div",
      },
      Object {
        "instance": null,
        "key": undefined,
        "nodeType": "host",
        "props": Object {
          "children": Array [
            <div
              className="location-filter"
            >
              <p>
                Location:
              </p>
              <SelectField
                autoWidth={false}
                className="custom-menu"
                disabled={false}
                fullWidth={false}
                iconStyle={
                  Object {
                    "fill": "#95989a",
                    "left": "5.7vw",
                  }
                }
                labelStyle={
                  Object {
                    "backgroundColor": "#95989a",
                    "borderRadius": "20px",
                    "color": "white",
                    "fontFamily": "DIN Pro",
                    "height": "30px",
                    "lineHeight": "30px",
                    "marginLeft": "1vw",
                    "paddingRight": "0",
                    "paddingTop": "0",
                    "textAlign": "center",
                    "top": "10px",
                    "verticalAlign": "none",
                    "width": "90px",
                  }
                }
                multiple={false}
                onChange={[Function]}
                style={
                  Object {
                    "fontSize": "12px",
                    "height": "5vh",
                    "marginTop": "1rem",
                    "width": "9.7vw",
                  }
                }
                underlineStyle={
                  Object {
                    "display": "none",
                  }
                }
                value="All Countries"
              >
                <MenuItem
                  anchorOrigin={
                    Object {
                      "horizontal": "right",
                      "vertical": "top",
                    }
                  }
                  checked={false}
                  desktop={false}
                  disabled={false}
                  focusState="none"
                  insetChildren={false}
                  primaryText="ALL"
                  targetOrigin={
                    Object {
                      "horizontal": "left",
                      "vertical": "top",
                    }
                  }
                  value="All Countries"
                />
                <MenuItem
                  anchorOrigin={
                    Object {
                      "horizontal": "right",
                      "vertical": "top",
                    }
                  }
                  checked={false}
                  desktop={false}
                  disabled={false}
                  focusState="none"
                  insetChildren={false}
                  primaryText="KENYA"
                  targetOrigin={
                    Object {
                      "horizontal": "left",
                      "vertical": "top",
                    }
                  }
                  value="Kenya"
                />
                <MenuItem
                  anchorOrigin={
                    Object {
                      "horizontal": "right",
                      "vertical": "top",
                    }
                  }
                  checked={false}
                  desktop={false}
                  disabled={false}
                  focusState="none"
                  insetChildren={false}
                  primaryText="NIGERIA"
                  targetOrigin={
                    Object {
                      "horizontal": "left",
                      "vertical": "top",
                    }
                  }
                  value="Nigeria"
                />
                <MenuItem
                  anchorOrigin={
                    Object {
                      "horizontal": "right",
                      "vertical": "top",
                    }
                  }
                  checked={false}
                  desktop={false}
                  disabled={false}
                  focusState="none"
                  insetChildren={false}
                  primaryText="UGANDA"
                  targetOrigin={
                    Object {
                      "horizontal": "left",
                      "vertical": "top",
                    }
                  }
                  value="UGANDA"
                />
                <MenuItem
                  anchorOrigin={
                    Object {
                      "horizontal": "right",
                      "vertical": "top",
                    }
                  }
                  checked={false}
                  desktop={false}
                  disabled={false}
                  focusState="none"
                  insetChildren={false}
                  primaryText="USA"
                  targetOrigin={
                    Object {
                      "horizontal": "left",
                      "vertical": "top",
                    }
                  }
                  value="USA"
                />
              </SelectField>
            </div>,
            <div
              className="right-side-search"
            >
              <div
                className="search-bar"
              >
                <input
                  className="admin-search"
                  onChange={[Function]}
                  type="search"
                />
              </div>
              <div
                className="invite-button"
              >
                <FlatButton
                  backgroundColor="#3359df"
                  disabled={false}
                  fullWidth={false}
                  hoverColor="none"
                  label="Invite"
                  labelPosition="after"
                  labelStyle={
                    Object {
                      "color": "#ffff",
                      "fontFamily": "DIN Pro",
                      "fontWeight": "700",
                      "verticalAlign": "none",
                    }
                  }
                  onClick={[Function]}
                  onKeyboardFocus={[Function]}
                  onMouseEnter={[Function]}
                  onMouseLeave={[Function]}
                  onTouchStart={[Function]}
                  primary={false}
                  secondary={false}
                  style={
                    Object {
                      "borderRadius": "3px",
                      "marginLeft": "1.5rem",
                      "minWidth": "12rem",
                    }
                  }
                />
                <Modal
                  handleClose={[Function]}
                  handleInvite={[Function]}
                  open={false}
                />
              </div>
            </div>,
          ],
          "className": "filter-search",
        },
        "ref": null,
        "rendered": Array [
          Object {
            "instance": null,
            "key": undefined,
            "nodeType": "host",
            "props": Object {
              "children": Array [
                <p>
                  Location:
                </p>,
                <SelectField
                  autoWidth={false}
                  className="custom-menu"
                  disabled={false}
                  fullWidth={false}
                  iconStyle={
                    Object {
                      "fill": "#95989a",
                      "left": "5.7vw",
                    }
                  }
                  labelStyle={
                    Object {
                      "backgroundColor": "#95989a",
                      "borderRadius": "20px",
                      "color": "white",
                      "fontFamily": "DIN Pro",
                      "height": "30px",
                      "lineHeight": "30px",
                      "marginLeft": "1vw",
                      "paddingRight": "0",
                      "paddingTop": "0",
                      "textAlign": "center",
                      "top": "10px",
                      "verticalAlign": "none",
                      "width": "90px",
                    }
                  }
                  multiple={false}
                  onChange={[Function]}
                  style={
                    Object {
                      "fontSize": "12px",
                      "height": "5vh",
                      "marginTop": "1rem",
                      "width": "9.7vw",
                    }
                  }
                  underlineStyle={
                    Object {
                      "display": "none",
                    }
                  }
                  value="All Countries"
                >
                  <MenuItem
                    anchorOrigin={
                      Object {
                        "horizontal": "right",
                        "vertical": "top",
                      }
                    }
                    checked={false}
                    desktop={false}
                    disabled={false}
                    focusState="none"
                    insetChildren={false}
                    primaryText="ALL"
                    targetOrigin={
                      Object {
                        "horizontal": "left",
                        "vertical": "top",
                      }
                    }
                    value="All Countries"
                  />
                  <MenuItem
                    anchorOrigin={
                      Object {
                        "horizontal": "right",
                        "vertical": "top",
                      }
                    }
                    checked={false}
                    desktop={false}
                    disabled={false}
                    focusState="none"
                    insetChildren={false}
                    primaryText="KENYA"
                    targetOrigin={
                      Object {
                        "horizontal": "left",
                        "vertical": "top",
                      }
                    }
                    value="Kenya"
                  />
                  <MenuItem
                    anchorOrigin={
                      Object {
                        "horizontal": "right",
                        "vertical": "top",
                      }
                    }
                    checked={false}
                    desktop={false}
                    disabled={false}
                    focusState="none"
                    insetChildren={false}
                    primaryText="NIGERIA"
                    targetOrigin={
                      Object {
                        "horizontal": "left",
                        "vertical": "top",
                      }
                    }
                    value="Nigeria"
                  />
                  <MenuItem
                    anchorOrigin={
                      Object {
                        "horizontal": "right",
                        "vertical": "top",
                      }
                    }
                    checked={false}
                    desktop={false}
                    disabled={false}
                    focusState="none"
                    insetChildren={false}
                    primaryText="UGANDA"
                    targetOrigin={
                      Object {
                        "horizontal": "left",
                        "vertical": "top",
                      }
                    }
                    value="UGANDA"
                  />
                  <MenuItem
                    anchorOrigin={
                      Object {
                        "horizontal": "right",
                        "vertical": "top",
                      }
                    }
                    checked={false}
                    desktop={false}
                    disabled={false}
                    focusState="none"
                    insetChildren={false}
                    primaryText="USA"
                    targetOrigin={
                      Object {
                        "horizontal": "left",
                        "vertical": "top",
                      }
                    }
                    value="USA"
                  />
                </SelectField>,
              ],
              "className": "location-filter",
            },
            "ref": null,
            "rendered": Array [
              Object {
                "instance": null,
                "key": undefined,
                "nodeType": "host",
                "props": Object {
                  "children": "Location:",
                },
                "ref": null,
                "rendered": "Location:",
                "type": "p",
              },
              Object {
                "instance": null,
                "key": undefined,
                "nodeType": "class",
                "props": Object {
                  "autoWidth": false,
                  "children": Array [
                    <MenuItem
                      anchorOrigin={
                        Object {
                          "horizontal": "right",
                          "vertical": "top",
                        }
                      }
                      checked={false}
                      desktop={false}
                      disabled={false}
                      focusState="none"
                      insetChildren={false}
                      primaryText="ALL"
                      targetOrigin={
                        Object {
                          "horizontal": "left",
                          "vertical": "top",
                        }
                      }
                      value="All Countries"
                    />,
                    <MenuItem
                      anchorOrigin={
                        Object {
                          "horizontal": "right",
                          "vertical": "top",
                        }
                      }
                      checked={false}
                      desktop={false}
                      disabled={false}
                      focusState="none"
                      insetChildren={false}
                      primaryText="KENYA"
                      targetOrigin={
                        Object {
                          "horizontal": "left",
                          "vertical": "top",
                        }
                      }
                      value="Kenya"
                    />,
                    <MenuItem
                      anchorOrigin={
                        Object {
                          "horizontal": "right",
                          "vertical": "top",
                        }
                      }
                      checked={false}
                      desktop={false}
                      disabled={false}
                      focusState="none"
                      insetChildren={false}
                      primaryText="NIGERIA"
                      targetOrigin={
                        Object {
                          "horizontal": "left",
                          "vertical": "top",
                        }
                      }
                      value="Nigeria"
                    />,
                    <MenuItem
                      anchorOrigin={
                        Object {
                          "horizontal": "right",
                          "vertical": "top",
                        }
                      }
                      checked={false}
                      desktop={false}
                      disabled={false}
                      focusState="none"
                      insetChildren={false}
                      primaryText="UGANDA"
                      targetOrigin={
                        Object {
                          "horizontal": "left",
                          "vertical": "top",
                        }
                      }
                      value="UGANDA"
                    />,
                    <MenuItem
                      anchorOrigin={
                        Object {
                          "horizontal": "right",
                          "vertical": "top",
                        }
                      }
                      checked={false}
                      desktop={false}
                      disabled={false}
                      focusState="none"
                      insetChildren={false}
                      primaryText="USA"
                      targetOrigin={
                        Object {
                          "horizontal": "left",
                          "vertical": "top",
                        }
                      }
                      value="USA"
                    />,
                  ],
                  "className": "custom-menu",
                  "disabled": false,
                  "fullWidth": false,
                  "iconStyle": Object {
                    "fill": "#95989a",
                    "left": "5.7vw",
                  },
                  "labelStyle": Object {
                    "backgroundColor": "#95989a",
                    "borderRadius": "20px",
                    "color": "white",
                    "fontFamily": "DIN Pro",
                    "height": "30px",
                    "lineHeight": "30px",
                    "marginLeft": "1vw",
                    "paddingRight": "0",
                    "paddingTop": "0",
                    "textAlign": "center",
                    "top": "10px",
                    "verticalAlign": "none",
                    "width": "90px",
                  },
                  "multiple": false,
                  "onChange": [Function],
                  "style": Object {
                    "fontSize": "12px",
                    "height": "5vh",
                    "marginTop": "1rem",
                    "width": "9.7vw",
                  },
                  "underlineStyle": Object {
                    "display": "none",
                  },
                  "value": "All Countries",
                },
                "ref": null,
                "rendered": Array [
                  Object {
                    "instance": null,
                    "key": undefined,
                    "nodeType": "class",
                    "props": Object {
                      "anchorOrigin": Object {
                        "horizontal": "right",
                        "vertical": "top",
                      },
                      "checked": false,
                      "desktop": false,
                      "disabled": false,
                      "focusState": "none",
                      "insetChildren": false,
                      "primaryText": "ALL",
                      "targetOrigin": Object {
                        "horizontal": "left",
                        "vertical": "top",
                      },
                      "value": "All Countries",
                    },
                    "ref": null,
                    "rendered": null,
                    "type": [Function],
                  },
                  Object {
                    "instance": null,
                    "key": undefined,
                    "nodeType": "class",
                    "props": Object {
                      "anchorOrigin": Object {
                        "horizontal": "right",
                        "vertical": "top",
                      },
                      "checked": false,
                      "desktop": false,
                      "disabled": false,
                      "focusState": "none",
                      "insetChildren": false,
                      "primaryText": "KENYA",
                      "targetOrigin": Object {
                        "horizontal": "left",
                        "vertical": "top",
                      },
                      "value": "Kenya",
                    },
                    "ref": null,
                    "rendered": null,
                    "type": [Function],
                  },
                  Object {
                    "instance": null,
                    "key": undefined,
                    "nodeType": "class",
                    "props": Object {
                      "anchorOrigin": Object {
                        "horizontal": "right",
                        "vertical": "top",
                      },
                      "checked": false,
                      "desktop": false,
                      "disabled": false,
                      "focusState": "none",
                      "insetChildren": false,
                      "primaryText": "NIGERIA",
                      "targetOrigin": Object {
                        "horizontal": "left",
                        "vertical": "top",
                      },
                      "value": "Nigeria",
                    },
                    "ref": null,
                    "rendered": null,
                    "type": [Function],
                  },
                  Object {
                    "instance": null,
                    "key": undefined,
                    "nodeType": "class",
                    "props": Object {
                      "anchorOrigin": Object {
                        "horizontal": "right",
                        "vertical": "top",
                      },
                      "checked": false,
                      "desktop": false,
                      "disabled": false,
                      "focusState": "none",
                      "insetChildren": false,
                      "primaryText": "UGANDA",
                      "targetOrigin": Object {
                        "horizontal": "left",
                        "vertical": "top",
                      },
                      "value": "UGANDA",
                    },
                    "ref": null,
                    "rendered": null,
                    "type": [Function],
                  },
                  Object {
                    "instance": null,
                    "key": undefined,
                    "nodeType": "class",
                    "props": Object {
                      "anchorOrigin": Object {
                        "horizontal": "right",
                        "vertical": "top",
                      },
                      "checked": false,
                      "desktop": false,
                      "disabled": false,
                      "focusState": "none",
                      "insetChildren": false,
                      "primaryText": "USA",
                      "targetOrigin": Object {
                        "horizontal": "left",
                        "vertical": "top",
                      },
                      "value": "USA",
                    },
                    "ref": null,
                    "rendered": null,
                    "type": [Function],
                  },
                ],
                "type": [Function],
              },
            ],
            "type": "div",
          },
          Object {
            "instance": null,
            "key": undefined,
            "nodeType": "host",
            "props": Object {
              "children": Array [
                <div
                  className="search-bar"
                >
                  <input
                    className="admin-search"
                    onChange={[Function]}
                    type="search"
                  />
                </div>,
                <div
                  className="invite-button"
                >
                  <FlatButton
                    backgroundColor="#3359df"
                    disabled={false}
                    fullWidth={false}
                    hoverColor="none"
                    label="Invite"
                    labelPosition="after"
                    labelStyle={
                      Object {
                        "color": "#ffff",
                        "fontFamily": "DIN Pro",
                        "fontWeight": "700",
                        "verticalAlign": "none",
                      }
                    }
                    onClick={[Function]}
                    onKeyboardFocus={[Function]}
                    onMouseEnter={[Function]}
                    onMouseLeave={[Function]}
                    onTouchStart={[Function]}
                    primary={false}
                    secondary={false}
                    style={
                      Object {
                        "borderRadius": "3px",
                        "marginLeft": "1.5rem",
                        "minWidth": "12rem",
                      }
                    }
                  />
                  <Modal
                    handleClose={[Function]}
                    handleInvite={[Function]}
                    open={false}
                  />
                </div>,
              ],
              "className": "right-side-search",
            },
            "ref": null,
            "rendered": Array [
              Object {
                "instance": null,
                "key": undefined,
                "nodeType": "host",
                "props": Object {
                  "children": <input
                    className="admin-search"
                    onChange={[Function]}
                    type="search"
                  />,
                  "className": "search-bar",
                },
                "ref": null,
                "rendered": Object {
                  "instance": null,
                  "key": undefined,
                  "nodeType": "host",
                  "props": Object {
                    "className": "admin-search",
                    "onChange": [Function],
                    "type": "search",
                  },
                  "ref": null,
                  "rendered": null,
                  "type": "input",
                },
                "type": "div",
              },
              Object {
                "instance": null,
                "key": undefined,
                "nodeType": "host",
                "props": Object {
                  "children": Array [
                    <FlatButton
                      backgroundColor="#3359df"
                      disabled={false}
                      fullWidth={false}
                      hoverColor="none"
                      label="Invite"
                      labelPosition="after"
                      labelStyle={
                        Object {
                          "color": "#ffff",
                          "fontFamily": "DIN Pro",
                          "fontWeight": "700",
                          "verticalAlign": "none",
                        }
                      }
                      onClick={[Function]}
                      onKeyboardFocus={[Function]}
                      onMouseEnter={[Function]}
                      onMouseLeave={[Function]}
                      onTouchStart={[Function]}
                      primary={false}
                      secondary={false}
                      style={
                        Object {
                          "borderRadius": "3px",
                          "marginLeft": "1.5rem",
                          "minWidth": "12rem",
                        }
                      }
                    />,
                    <Modal
                      handleClose={[Function]}
                      handleInvite={[Function]}
                      open={false}
                    />,
                  ],
                  "className": "invite-button",
                },
                "ref": null,
                "rendered": Array [
                  Object {
                    "instance": null,
                    "key": undefined,
                    "nodeType": "class",
                    "props": Object {
                      "backgroundColor": "#3359df",
                      "disabled": false,
                      "fullWidth": false,
                      "hoverColor": "none",
                      "label": "Invite",
                      "labelPosition": "after",
                      "labelStyle": Object {
                        "color": "#ffff",
                        "fontFamily": "DIN Pro",
                        "fontWeight": "700",
                        "verticalAlign": "none",
                      },
                      "onClick": [Function],
                      "onKeyboardFocus": [Function],
                      "onMouseEnter": [Function],
                      "onMouseLeave": [Function],
                      "onTouchStart": [Function],
                      "primary": false,
                      "secondary": false,
                      "style": Object {
                        "borderRadius": "3px",
                        "marginLeft": "1.5rem",
                        "minWidth": "12rem",
                      },
                    },
                    "ref": null,
                    "rendered": null,
                    "type": [Function],
                  },
                  Object {
                    "instance": null,
                    "key": undefined,
                    "nodeType": "class",
                    "props": Object {
                      "handleClose": [Function],
                      "handleInvite": [Function],
                      "open": false,
                    },
                    "ref": null,
                    "rendered": null,
                    "type": [Function],
                  },
                ],
                "type": "div",
              },
            ],
            "type": "div",
          },
        ],
        "type": "div",
      },
    ],
    "type": "div",
  },
  Symbol(enzyme.__nodes__): Array [
    Object {
      "instance": null,
      "key": undefined,
      "nodeType": "host",
      "props": Object {
        "children": Array [
          <div
            className="heading-admin"
          >
            <p>
              Available Users (
              12
              )
            </p>
            <div
              className="underline-admin"
            />
          </div>,
          <div
            className="filter-search"
          >
            <div
              className="location-filter"
            >
              <p>
                Location:
              </p>
              <SelectField
                autoWidth={false}
                className="custom-menu"
                disabled={false}
                fullWidth={false}
                iconStyle={
                  Object {
                    "fill": "#95989a",
                    "left": "5.7vw",
                  }
                }
                labelStyle={
                  Object {
                    "backgroundColor": "#95989a",
                    "borderRadius": "20px",
                    "color": "white",
                    "fontFamily": "DIN Pro",
                    "height": "30px",
                    "lineHeight": "30px",
                    "marginLeft": "1vw",
                    "paddingRight": "0",
                    "paddingTop": "0",
                    "textAlign": "center",
                    "top": "10px",
                    "verticalAlign": "none",
                    "width": "90px",
                  }
                }
                multiple={false}
                onChange={[Function]}
                style={
                  Object {
                    "fontSize": "12px",
                    "height": "5vh",
                    "marginTop": "1rem",
                    "width": "9.7vw",
                  }
                }
                underlineStyle={
                  Object {
                    "display": "none",
                  }
                }
                value="All Countries"
              >
                <MenuItem
                  anchorOrigin={
                    Object {
                      "horizontal": "right",
                      "vertical": "top",
                    }
                  }
                  checked={false}
                  desktop={false}
                  disabled={false}
                  focusState="none"
                  insetChildren={false}
                  primaryText="ALL"
                  targetOrigin={
                    Object {
                      "horizontal": "left",
                      "vertical": "top",
                    }
                  }
                  value="All Countries"
                />
                <MenuItem
                  anchorOrigin={
                    Object {
                      "horizontal": "right",
                      "vertical": "top",
                    }
                  }
                  checked={false}
                  desktop={false}
                  disabled={false}
                  focusState="none"
                  insetChildren={false}
                  primaryText="KENYA"
                  targetOrigin={
                    Object {
                      "horizontal": "left",
                      "vertical": "top",
                    }
                  }
                  value="Kenya"
                />
                <MenuItem
                  anchorOrigin={
                    Object {
                      "horizontal": "right",
                      "vertical": "top",
                    }
                  }
                  checked={false}
                  desktop={false}
                  disabled={false}
                  focusState="none"
                  insetChildren={false}
                  primaryText="NIGERIA"
                  targetOrigin={
                    Object {
                      "horizontal": "left",
                      "vertical": "top",
                    }
                  }
                  value="Nigeria"
                />
                <MenuItem
                  anchorOrigin={
                    Object {
                      "horizontal": "right",
                      "vertical": "top",
                    }
                  }
                  checked={false}
                  desktop={false}
                  disabled={false}
                  focusState="none"
                  insetChildren={false}
                  primaryText="UGANDA"
                  targetOrigin={
                    Object {
                      "horizontal": "left",
                      "vertical": "top",
                    }
                  }
                  value="UGANDA"
                />
                <MenuItem
                  anchorOrigin={
                    Object {
                      "horizontal": "right",
                      "vertical": "top",
                    }
                  }
                  checked={false}
                  desktop={false}
                  disabled={false}
                  focusState="none"
                  insetChildren={false}
                  primaryText="USA"
                  targetOrigin={
                    Object {
                      "horizontal": "left",
                      "vertical": "top",
                    }
                  }
                  value="USA"
                />
              </SelectField>
            </div>
            <div
              className="right-side-search"
            >
              <div
                className="search-bar"
              >
                <input
                  className="admin-search"
                  onChange={[Function]}
                  type="search"
                />
              </div>
              <div
                className="invite-button"
              >
                <FlatButton
                  backgroundColor="#3359df"
                  disabled={false}
                  fullWidth={false}
                  hoverColor="none"
                  label="Invite"
                  labelPosition="after"
                  labelStyle={
                    Object {
                      "color": "#ffff",
                      "fontFamily": "DIN Pro",
                      "fontWeight": "700",
                      "verticalAlign": "none",
                    }
                  }
                  onClick={[Function]}
                  onKeyboardFocus={[Function]}
                  onMouseEnter={[Function]}
                  onMouseLeave={[Function]}
                  onTouchStart={[Function]}
                  primary={false}
                  secondary={false}
                  style={
                    Object {
                      "borderRadius": "3px",
                      "marginLeft": "1.5rem",
                      "minWidth": "12rem",
                    }
                  }
                />
                <Modal
                  handleClose={[Function]}
                  handleInvite={[Function]}
                  open={false}
                />
              </div>
            </div>
          </div>,
        ],
        "className": "user-filter",
      },
      "ref": null,
      "rendered": Array [
        Object {
          "instance": null,
          "key": undefined,
          "nodeType": "host",
          "props": Object {
            "children": Array [
              <p>
                Available Users (
                12
                )
              </p>,
              <div
                className="underline-admin"
              />,
            ],
            "className": "heading-admin",
          },
          "ref": null,
          "rendered": Array [
            Object {
              "instance": null,
              "key": undefined,
              "nodeType": "host",
              "props": Object {
                "children": Array [
                  "Available Users (",
                  12,
                  ")",
                ],
              },
              "ref": null,
              "rendered": Array [
                "Available Users (",
                12,
                ")",
              ],
              "type": "p",
            },
            Object {
              "instance": null,
              "key": undefined,
              "nodeType": "host",
              "props": Object {
                "className": "underline-admin",
              },
              "ref": null,
              "rendered": null,
              "type": "div",
            },
          ],
          "type": "div",
        },
        Object {
          "instance": null,
          "key": undefined,
          "nodeType": "host",
          "props": Object {
            "children": Array [
              <div
                className="location-filter"
              >
                <p>
                  Location:
                </p>
                <SelectField
                  autoWidth={false}
                  className="custom-menu"
                  disabled={false}
                  fullWidth={false}
                  iconStyle={
                    Object {
                      "fill": "#95989a",
                      "left": "5.7vw",
                    }
                  }
                  labelStyle={
                    Object {
                      "backgroundColor": "#95989a",
                      "borderRadius": "20px",
                      "color": "white",
                      "fontFamily": "DIN Pro",
                      "height": "30px",
                      "lineHeight": "30px",
                      "marginLeft": "1vw",
                      "paddingRight": "0",
                      "paddingTop": "0",
                      "textAlign": "center",
                      "top": "10px",
                      "verticalAlign": "none",
                      "width": "90px",
                    }
                  }
                  multiple={false}
                  onChange={[Function]}
                  style={
                    Object {
                      "fontSize": "12px",
                      "height": "5vh",
                      "marginTop": "1rem",
                      "width": "9.7vw",
                    }
                  }
                  underlineStyle={
                    Object {
                      "display": "none",
                    }
                  }
                  value="All Countries"
                >
                  <MenuItem
                    anchorOrigin={
                      Object {
                        "horizontal": "right",
                        "vertical": "top",
                      }
                    }
                    checked={false}
                    desktop={false}
                    disabled={false}
                    focusState="none"
                    insetChildren={false}
                    primaryText="ALL"
                    targetOrigin={
                      Object {
                        "horizontal": "left",
                        "vertical": "top",
                      }
                    }
                    value="All Countries"
                  />
                  <MenuItem
                    anchorOrigin={
                      Object {
                        "horizontal": "right",
                        "vertical": "top",
                      }
                    }
                    checked={false}
                    desktop={false}
                    disabled={false}
                    focusState="none"
                    insetChildren={false}
                    primaryText="KENYA"
                    targetOrigin={
                      Object {
                        "horizontal": "left",
                        "vertical": "top",
                      }
                    }
                    value="Kenya"
                  />
                  <MenuItem
                    anchorOrigin={
                      Object {
                        "horizontal": "right",
                        "vertical": "top",
                      }
                    }
                    checked={false}
                    desktop={false}
                    disabled={false}
                    focusState="none"
                    insetChildren={false}
                    primaryText="NIGERIA"
                    targetOrigin={
                      Object {
                        "horizontal": "left",
                        "vertical": "top",
                      }
                    }
                    value="Nigeria"
                  />
                  <MenuItem
                    anchorOrigin={
                      Object {
                        "horizontal": "right",
                        "vertical": "top",
                      }
                    }
                    checked={false}
                    desktop={false}
                    disabled={false}
                    focusState="none"
                    insetChildren={false}
                    primaryText="UGANDA"
                    targetOrigin={
                      Object {
                        "horizontal": "left",
                        "vertical": "top",
                      }
                    }
                    value="UGANDA"
                  />
                  <MenuItem
                    anchorOrigin={
                      Object {
                        "horizontal": "right",
                        "vertical": "top",
                      }
                    }
                    checked={false}
                    desktop={false}
                    disabled={false}
                    focusState="none"
                    insetChildren={false}
                    primaryText="USA"
                    targetOrigin={
                      Object {
                        "horizontal": "left",
                        "vertical": "top",
                      }
                    }
                    value="USA"
                  />
                </SelectField>
              </div>,
              <div
                className="right-side-search"
              >
                <div
                  className="search-bar"
                >
                  <input
                    className="admin-search"
                    onChange={[Function]}
                    type="search"
                  />
                </div>
                <div
                  className="invite-button"
                >
                  <FlatButton
                    backgroundColor="#3359df"
                    disabled={false}
                    fullWidth={false}
                    hoverColor="none"
                    label="Invite"
                    labelPosition="after"
                    labelStyle={
                      Object {
                        "color": "#ffff",
                        "fontFamily": "DIN Pro",
                        "fontWeight": "700",
                        "verticalAlign": "none",
                      }
                    }
                    onClick={[Function]}
                    onKeyboardFocus={[Function]}
                    onMouseEnter={[Function]}
                    onMouseLeave={[Function]}
                    onTouchStart={[Function]}
                    primary={false}
                    secondary={false}
                    style={
                      Object {
                        "borderRadius": "3px",
                        "marginLeft": "1.5rem",
                        "minWidth": "12rem",
                      }
                    }
                  />
                  <Modal
                    handleClose={[Function]}
                    handleInvite={[Function]}
                    open={false}
                  />
                </div>
              </div>,
            ],
            "className": "filter-search",
          },
          "ref": null,
          "rendered": Array [
            Object {
              "instance": null,
              "key": undefined,
              "nodeType": "host",
              "props": Object {
                "children": Array [
                  <p>
                    Location:
                  </p>,
                  <SelectField
                    autoWidth={false}
                    className="custom-menu"
                    disabled={false}
                    fullWidth={false}
                    iconStyle={
                      Object {
                        "fill": "#95989a",
                        "left": "5.7vw",
                      }
                    }
                    labelStyle={
                      Object {
                        "backgroundColor": "#95989a",
                        "borderRadius": "20px",
                        "color": "white",
                        "fontFamily": "DIN Pro",
                        "height": "30px",
                        "lineHeight": "30px",
                        "marginLeft": "1vw",
                        "paddingRight": "0",
                        "paddingTop": "0",
                        "textAlign": "center",
                        "top": "10px",
                        "verticalAlign": "none",
                        "width": "90px",
                      }
                    }
                    multiple={false}
                    onChange={[Function]}
                    style={
                      Object {
                        "fontSize": "12px",
                        "height": "5vh",
                        "marginTop": "1rem",
                        "width": "9.7vw",
                      }
                    }
                    underlineStyle={
                      Object {
                        "display": "none",
                      }
                    }
                    value="All Countries"
                  >
                    <MenuItem
                      anchorOrigin={
                        Object {
                          "horizontal": "right",
                          "vertical": "top",
                        }
                      }
                      checked={false}
                      desktop={false}
                      disabled={false}
                      focusState="none"
                      insetChildren={false}
                      primaryText="ALL"
                      targetOrigin={
                        Object {
                          "horizontal": "left",
                          "vertical": "top",
                        }
                      }
                      value="All Countries"
                    />
                    <MenuItem
                      anchorOrigin={
                        Object {
                          "horizontal": "right",
                          "vertical": "top",
                        }
                      }
                      checked={false}
                      desktop={false}
                      disabled={false}
                      focusState="none"
                      insetChildren={false}
                      primaryText="KENYA"
                      targetOrigin={
                        Object {
                          "horizontal": "left",
                          "vertical": "top",
                        }
                      }
                      value="Kenya"
                    />
                    <MenuItem
                      anchorOrigin={
                        Object {
                          "horizontal": "right",
                          "vertical": "top",
                        }
                      }
                      checked={false}
                      desktop={false}
                      disabled={false}
                      focusState="none"
                      insetChildren={false}
                      primaryText="NIGERIA"
                      targetOrigin={
                        Object {
                          "horizontal": "left",
                          "vertical": "top",
                        }
                      }
                      value="Nigeria"
                    />
                    <MenuItem
                      anchorOrigin={
                        Object {
                          "horizontal": "right",
                          "vertical": "top",
                        }
                      }
                      checked={false}
                      desktop={false}
                      disabled={false}
                      focusState="none"
                      insetChildren={false}
                      primaryText="UGANDA"
                      targetOrigin={
                        Object {
                          "horizontal": "left",
                          "vertical": "top",
                        }
                      }
                      value="UGANDA"
                    />
                    <MenuItem
                      anchorOrigin={
                        Object {
                          "horizontal": "right",
                          "vertical": "top",
                        }
                      }
                      checked={false}
                      desktop={false}
                      disabled={false}
                      focusState="none"
                      insetChildren={false}
                      primaryText="USA"
                      targetOrigin={
                        Object {
                          "horizontal": "left",
                          "vertical": "top",
                        }
                      }
                      value="USA"
                    />
                  </SelectField>,
                ],
                "className": "location-filter",
              },
              "ref": null,
              "rendered": Array [
                Object {
                  "instance": null,
                  "key": undefined,
                  "nodeType": "host",
                  "props": Object {
                    "children": "Location:",
                  },
                  "ref": null,
                  "rendered": "Location:",
                  "type": "p",
                },
                Object {
                  "instance": null,
                  "key": undefined,
                  "nodeType": "class",
                  "props": Object {
                    "autoWidth": false,
                    "children": Array [
                      <MenuItem
                        anchorOrigin={
                          Object {
                            "horizontal": "right",
                            "vertical": "top",
                          }
                        }
                        checked={false}
                        desktop={false}
                        disabled={false}
                        focusState="none"
                        insetChildren={false}
                        primaryText="ALL"
                        targetOrigin={
                          Object {
                            "horizontal": "left",
                            "vertical": "top",
                          }
                        }
                        value="All Countries"
                      />,
                      <MenuItem
                        anchorOrigin={
                          Object {
                            "horizontal": "right",
                            "vertical": "top",
                          }
                        }
                        checked={false}
                        desktop={false}
                        disabled={false}
                        focusState="none"
                        insetChildren={false}
                        primaryText="KENYA"
                        targetOrigin={
                          Object {
                            "horizontal": "left",
                            "vertical": "top",
                          }
                        }
                        value="Kenya"
                      />,
                      <MenuItem
                        anchorOrigin={
                          Object {
                            "horizontal": "right",
                            "vertical": "top",
                          }
                        }
                        checked={false}
                        desktop={false}
                        disabled={false}
                        focusState="none"
                        insetChildren={false}
                        primaryText="NIGERIA"
                        targetOrigin={
                          Object {
                            "horizontal": "left",
                            "vertical": "top",
                          }
                        }
                        value="Nigeria"
                      />,
                      <MenuItem
                        anchorOrigin={
                          Object {
                            "horizontal": "right",
                            "vertical": "top",
                          }
                        }
                        checked={false}
                        desktop={false}
                        disabled={false}
                        focusState="none"
                        insetChildren={false}
                        primaryText="UGANDA"
                        targetOrigin={
                          Object {
                            "horizontal": "left",
                            "vertical": "top",
                          }
                        }
                        value="UGANDA"
                      />,
                      <MenuItem
                        anchorOrigin={
                          Object {
                            "horizontal": "right",
                            "vertical": "top",
                          }
                        }
                        checked={false}
                        desktop={false}
                        disabled={false}
                        focusState="none"
                        insetChildren={false}
                        primaryText="USA"
                        targetOrigin={
                          Object {
                            "horizontal": "left",
                            "vertical": "top",
                          }
                        }
                        value="USA"
                      />,
                    ],
                    "className": "custom-menu",
                    "disabled": false,
                    "fullWidth": false,
                    "iconStyle": Object {
                      "fill": "#95989a",
                      "left": "5.7vw",
                    },
                    "labelStyle": Object {
                      "backgroundColor": "#95989a",
                      "borderRadius": "20px",
                      "color": "white",
                      "fontFamily": "DIN Pro",
                      "height": "30px",
                      "lineHeight": "30px",
                      "marginLeft": "1vw",
                      "paddingRight": "0",
                      "paddingTop": "0",
                      "textAlign": "center",
                      "top": "10px",
                      "verticalAlign": "none",
                      "width": "90px",
                    },
                    "multiple": false,
                    "onChange": [Function],
                    "style": Object {
                      "fontSize": "12px",
                      "height": "5vh",
                      "marginTop": "1rem",
                      "width": "9.7vw",
                    },
                    "underlineStyle": Object {
                      "display": "none",
                    },
                    "value": "All Countries",
                  },
                  "ref": null,
                  "rendered": Array [
                    Object {
                      "instance": null,
                      "key": undefined,
                      "nodeType": "class",
                      "props": Object {
                        "anchorOrigin": Object {
                          "horizontal": "right",
                          "vertical": "top",
                        },
                        "checked": false,
                        "desktop": false,
                        "disabled": false,
                        "focusState": "none",
                        "insetChildren": false,
                        "primaryText": "ALL",
                        "targetOrigin": Object {
                          "horizontal": "left",
                          "vertical": "top",
                        },
                        "value": "All Countries",
                      },
                      "ref": null,
                      "rendered": null,
                      "type": [Function],
                    },
                    Object {
                      "instance": null,
                      "key": undefined,
                      "nodeType": "class",
                      "props": Object {
                        "anchorOrigin": Object {
                          "horizontal": "right",
                          "vertical": "top",
                        },
                        "checked": false,
                        "desktop": false,
                        "disabled": false,
                        "focusState": "none",
                        "insetChildren": false,
                        "primaryText": "KENYA",
                        "targetOrigin": Object {
                          "horizontal": "left",
                          "vertical": "top",
                        },
                        "value": "Kenya",
                      },
                      "ref": null,
                      "rendered": null,
                      "type": [Function],
                    },
                    Object {
                      "instance": null,
                      "key": undefined,
                      "nodeType": "class",
                      "props": Object {
                        "anchorOrigin": Object {
                          "horizontal": "right",
                          "vertical": "top",
                        },
                        "checked": false,
                        "desktop": false,
                        "disabled": false,
                        "focusState": "none",
                        "insetChildren": false,
                        "primaryText": "NIGERIA",
                        "targetOrigin": Object {
                          "horizontal": "left",
                          "vertical": "top",
                        },
                        "value": "Nigeria",
                      },
                      "ref": null,
                      "rendered": null,
                      "type": [Function],
                    },
                    Object {
                      "instance": null,
                      "key": undefined,
                      "nodeType": "class",
                      "props": Object {
                        "anchorOrigin": Object {
                          "horizontal": "right",
                          "vertical": "top",
                        },
                        "checked": false,
                        "desktop": false,
                        "disabled": false,
                        "focusState": "none",
                        "insetChildren": false,
                        "primaryText": "UGANDA",
                        "targetOrigin": Object {
                          "horizontal": "left",
                          "vertical": "top",
                        },
                        "value": "UGANDA",
                      },
                      "ref": null,
                      "rendered": null,
                      "type": [Function],
                    },
                    Object {
                      "instance": null,
                      "key": undefined,
                      "nodeType": "class",
                      "props": Object {
                        "anchorOrigin": Object {
                          "horizontal": "right",
                          "vertical": "top",
                        },
                        "checked": false,
                        "desktop": false,
                        "disabled": false,
                        "focusState": "none",
                        "insetChildren": false,
                        "primaryText": "USA",
                        "targetOrigin": Object {
                          "horizontal": "left",
                          "vertical": "top",
                        },
                        "value": "USA",
                      },
                      "ref": null,
                      "rendered": null,
                      "type": [Function],
                    },
                  ],
                  "type": [Function],
                },
              ],
              "type": "div",
            },
            Object {
              "instance": null,
              "key": undefined,
              "nodeType": "host",
              "props": Object {
                "children": Array [
                  <div
                    className="search-bar"
                  >
                    <input
                      className="admin-search"
                      onChange={[Function]}
                      type="search"
                    />
                  </div>,
                  <div
                    className="invite-button"
                  >
                    <FlatButton
                      backgroundColor="#3359df"
                      disabled={false}
                      fullWidth={false}
                      hoverColor="none"
                      label="Invite"
                      labelPosition="after"
                      labelStyle={
                        Object {
                          "color": "#ffff",
                          "fontFamily": "DIN Pro",
                          "fontWeight": "700",
                          "verticalAlign": "none",
                        }
                      }
                      onClick={[Function]}
                      onKeyboardFocus={[Function]}
                      onMouseEnter={[Function]}
                      onMouseLeave={[Function]}
                      onTouchStart={[Function]}
                      primary={false}
                      secondary={false}
                      style={
                        Object {
                          "borderRadius": "3px",
                          "marginLeft": "1.5rem",
                          "minWidth": "12rem",
                        }
                      }
                    />
                    <Modal
                      handleClose={[Function]}
                      handleInvite={[Function]}
                      open={false}
                    />
                  </div>,
                ],
                "className": "right-side-search",
              },
              "ref": null,
              "rendered": Array [
                Object {
                  "instance": null,
                  "key": undefined,
                  "nodeType": "host",
                  "props": Object {
                    "children": <input
                      className="admin-search"
                      onChange={[Function]}
                      type="search"
                    />,
                    "className": "search-bar",
                  },
                  "ref": null,
                  "rendered": Object {
                    "instance": null,
                    "key": undefined,
                    "nodeType": "host",
                    "props": Object {
                      "className": "admin-search",
                      "onChange": [Function],
                      "type": "search",
                    },
                    "ref": null,
                    "rendered": null,
                    "type": "input",
                  },
                  "type": "div",
                },
                Object {
                  "instance": null,
                  "key": undefined,
                  "nodeType": "host",
                  "props": Object {
                    "children": Array [
                      <FlatButton
                        backgroundColor="#3359df"
                        disabled={false}
                        fullWidth={false}
                        hoverColor="none"
                        label="Invite"
                        labelPosition="after"
                        labelStyle={
                          Object {
                            "color": "#ffff",
                            "fontFamily": "DIN Pro",
                            "fontWeight": "700",
                            "verticalAlign": "none",
                          }
                        }
                        onClick={[Function]}
                        onKeyboardFocus={[Function]}
                        onMouseEnter={[Function]}
                        onMouseLeave={[Function]}
                        onTouchStart={[Function]}
                        primary={false}
                        secondary={false}
                        style={
                          Object {
                            "borderRadius": "3px",
                            "marginLeft": "1.5rem",
                            "minWidth": "12rem",
                          }
                        }
                      />,
                      <Modal
                        handleClose={[Function]}
                        handleInvite={[Function]}
                        open={false}
                      />,
                    ],
                    "className": "invite-button",
                  },
                  "ref": null,
                  "rendered": Array [
                    Object {
                      "instance": null,
                      "key": undefined,
                      "nodeType": "class",
                      "props": Object {
                        "backgroundColor": "#3359df",
                        "disabled": false,
                        "fullWidth": false,
                        "hoverColor": "none",
                        "label": "Invite",
                        "labelPosition": "after",
                        "labelStyle": Object {
                          "color": "#ffff",
                          "fontFamily": "DIN Pro",
                          "fontWeight": "700",
                          "verticalAlign": "none",
                        },
                        "onClick": [Function],
                        "onKeyboardFocus": [Function],
                        "onMouseEnter": [Function],
                        "onMouseLeave": [Function],
                        "onTouchStart": [Function],
                        "primary": false,
                        "secondary": false,
                        "style": Object {
                          "borderRadius": "3px",
                          "marginLeft": "1.5rem",
                          "minWidth": "12rem",
                        },
                      },
                      "ref": null,
                      "rendered": null,
                      "type": [Function],
                    },
                    Object {
                      "instance": null,
                      "key": undefined,
                      "nodeType": "class",
                      "props": Object {
                        "handleClose": [Function],
                        "handleInvite": [Function],
                        "open": false,
                      },
                      "ref": null,
                      "rendered": null,
                      "type": [Function],
                    },
                  ],
                  "type": "div",
                },
              ],
              "type": "div",
            },
          ],
          "type": "div",
        },
      ],
      "type": "div",
    },
  ],
  Symbol(enzyme.__options__): Object {
    "adapter": ReactSixteenAdapter {
      "options": Object {
        "enableComponentDidUpdateOnSetState": true,
      },
    },
  },
}
`;
