// Jest Snapshot v1, https://goo.gl/fbAQLP

exports[`CustomMenu component Should have all the CustomMenu content 1`] = `
<WithStyles(WithFormControlContext(Select))
  className="custom-menu"
  onChange={[Function]}
  style={
    Object {
      "backgroundColor": "#ffffff",
      "color": "#000",
      "fontSize": "0.75vw",
      "height": "5vh",
      "textAlign": "center",
      "width": "9.7vw",
    }
  }
  value="All Countries"
>
  <WithStyles(MenuItem)
    value="All Countries"
  >
    All Countries
  </WithStyles(MenuItem)>
  <WithStyles(MenuItem)
    value="Kenya"
  >
    Kenya
  </WithStyles(MenuItem)>
  <WithStyles(MenuItem)
    value="Nigeria"
  >
    Nigeria
  </WithStyles(MenuItem)>
  <WithStyles(MenuItem)
    value="Uganda"
  >
    Uganda
  </WithStyles(MenuItem)>
  <WithStyles(MenuItem)
    value="USA"
  >
    USA
  </WithStyles(MenuItem)>
</WithStyles(WithFormControlContext(Select))>
`;
